// Jest Snapshot v1, https://goo.gl/fbAQLP

exports[`App component:  Matches the snapshot 1`] = `
<div
  align="center"
  className="button_cont"
>
  <a
    className="cypher-button false"
    onClick={[Function]}
  >
    Cypher Text!
  </a>
</div>
`;

exports[`Button component:  Matches the snapshot 1`] = `
<div
  align="center"
  className="button_cont"
>
  <a
    className="cypher-button false"
    onClick={[Function]}
  >
    Cypher Text!
  </a>
</div>
`;
